./pack.png
./pack.mcmeta
./assets/minecraft/textures/item/acacia_boat.png
./assets/minecraft/textures/item/apple.png
./assets/minecraft/textures/item/apple_golden.png
./assets/minecraft/textures/item/arrow.png
./assets/minecraft/textures/item/banner_base.png
./assets/minecraft/textures/item/banner_overlay.png
./assets/minecraft/textures/item/barrier.png
./assets/minecraft/textures/item/bed.png
./assets/minecraft/textures/item/beef_cooked.png
./assets/minecraft/textures/item/beef_raw.png
./assets/minecraft/textures/item/beetroot.png
./assets/minecraft/textures/item/beetroot_seeds.png
./assets/minecraft/textures/item/beetroot_soup.png
./assets/minecraft/textures/item/birch_boat.png
./assets/minecraft/textures/item/blaze_powder.png
./assets/minecraft/textures/item/blaze_rod.png
./assets/minecraft/textures/item/bone.png
./assets/minecraft/textures/item/book_enchanted.png
./assets/minecraft/textures/item/book_normal.png
./assets/minecraft/textures/item/book_writable.png
./assets/minecraft/textures/item/book_written.png
./assets/minecraft/textures/item/bowl.png
./assets/minecraft/textures/item/bow_pulling_0.png
./assets/minecraft/textures/item/bow_pulling_1.png
./assets/minecraft/textures/item/bow_pulling_2.png
./assets/minecraft/textures/item/bow_standby.png
./assets/minecraft/textures/item/bread.png
./assets/minecraft/textures/item/brewing_stand.png
./assets/minecraft/textures/item/brick.png
./assets/minecraft/textures/item/broken_elytra.png
./assets/minecraft/textures/item/bucket_empty.png
./assets/minecraft/textures/item/bucket_lava.png
./assets/minecraft/textures/item/bucket_milk.png
./assets/minecraft/textures/item/bucket_water.png
./assets/minecraft/textures/item/cake.png
./assets/minecraft/textures/item/carrot.png
./assets/minecraft/textures/item/carrot_golden.png
./assets/minecraft/textures/item/carrot_on_a_stick.png
./assets/minecraft/textures/item/cauldron.png
./assets/minecraft/textures/item/chainmail_boots.png
./assets/minecraft/textures/item/chainmail_chestplate.png
./assets/minecraft/textures/item/chainmail_helmet.png
./assets/minecraft/textures/item/chainmail_leggings.png
./assets/minecraft/textures/item/charcoal.png
./assets/minecraft/textures/item/chicken_cooked.png
./assets/minecraft/textures/item/chicken_raw.png
./assets/minecraft/textures/item/chorus_fruit.png
./assets/minecraft/textures/item/chorus_fruit_popped.png
./assets/minecraft/textures/item/clay_ball.png
./assets/minecraft/textures/item/clock_00.png
./assets/minecraft/textures/item/clock_01.png
./assets/minecraft/textures/item/clock_02.png
./assets/minecraft/textures/item/clock_03.png
./assets/minecraft/textures/item/clock_04.png
./assets/minecraft/textures/item/clock_05.png
./assets/minecraft/textures/item/clock_06.png
./assets/minecraft/textures/item/clock_07.png
./assets/minecraft/textures/item/clock_08.png
./assets/minecraft/textures/item/clock_09.png
./assets/minecraft/textures/item/clock_10.png
./assets/minecraft/textures/item/clock_11.png
./assets/minecraft/textures/item/clock_12.png
./assets/minecraft/textures/item/clock_13.png
./assets/minecraft/textures/item/clock_14.png
./assets/minecraft/textures/item/clock_15.png
./assets/minecraft/textures/item/clock_16.png
./assets/minecraft/textures/item/clock_17.png
./assets/minecraft/textures/item/clock_18.png
./assets/minecraft/textures/item/clock_19.png
./assets/minecraft/textures/item/clock_20.png
./assets/minecraft/textures/item/clock_21.png
./assets/minecraft/textures/item/clock_22.png
./assets/minecraft/textures/item/clock_23.png
./assets/minecraft/textures/item/clock_24.png
./assets/minecraft/textures/item/clock_25.png
./assets/minecraft/textures/item/clock_26.png
./assets/minecraft/textures/item/clock_27.png
./assets/minecraft/textures/item/clock_28.png
./assets/minecraft/textures/item/clock_29.png
./assets/minecraft/textures/item/clock_30.png
./assets/minecraft/textures/item/clock_31.png
./assets/minecraft/textures/item/clock_32.png
./assets/minecraft/textures/item/clock_33.png
./assets/minecraft/textures/item/clock_34.png
./assets/minecraft/textures/item/clock_35.png
./assets/minecraft/textures/item/clock_36.png
./assets/minecraft/textures/item/clock_37.png
./assets/minecraft/textures/item/clock_38.png
./assets/minecraft/textures/item/clock_39.png
./assets/minecraft/textures/item/clock_40.png
./assets/minecraft/textures/item/clock_41.png
./assets/minecraft/textures/item/clock_42.png
./assets/minecraft/textures/item/clock_43.png
./assets/minecraft/textures/item/clock_44.png
./assets/minecraft/textures/item/clock_45.png
./assets/minecraft/textures/item/clock_46.png
./assets/minecraft/textures/item/clock_47.png
./assets/minecraft/textures/item/clock_48.png
./assets/minecraft/textures/item/clock_49.png
./assets/minecraft/textures/item/clock_50.png
./assets/minecraft/textures/item/clock_51.png
./assets/minecraft/textures/item/clock_52.png
./assets/minecraft/textures/item/clock_53.png
./assets/minecraft/textures/item/clock_54.png
./assets/minecraft/textures/item/clock_55.png
./assets/minecraft/textures/item/clock_56.png
./assets/minecraft/textures/item/clock_57.png
./assets/minecraft/textures/item/clock_58.png
./assets/minecraft/textures/item/clock_59.png
./assets/minecraft/textures/item/clock_60.png
./assets/minecraft/textures/item/clock_61.png
./assets/minecraft/textures/item/clock_62.png
./assets/minecraft/textures/item/clock_63.png
./assets/minecraft/textures/item/coal.png
./assets/minecraft/textures/item/comparator.png
./assets/minecraft/textures/item/compass_00.png
./assets/minecraft/textures/item/compass_01.png
./assets/minecraft/textures/item/compass_02.png
./assets/minecraft/textures/item/compass_03.png
./assets/minecraft/textures/item/compass_04.png
./assets/minecraft/textures/item/compass_05.png
./assets/minecraft/textures/item/compass_06.png
./assets/minecraft/textures/item/compass_07.png
./assets/minecraft/textures/item/compass_08.png
./assets/minecraft/textures/item/compass_09.png
./assets/minecraft/textures/item/compass_10.png
./assets/minecraft/textures/item/compass_11.png
./assets/minecraft/textures/item/compass_12.png
./assets/minecraft/textures/item/compass_13.png
./assets/minecraft/textures/item/compass_14.png
./assets/minecraft/textures/item/compass_15.png
./assets/minecraft/textures/item/compass_16.png
./assets/minecraft/textures/item/compass_17.png
./assets/minecraft/textures/item/compass_18.png
./assets/minecraft/textures/item/compass_19.png
./assets/minecraft/textures/item/compass_20.png
./assets/minecraft/textures/item/compass_21.png
./assets/minecraft/textures/item/compass_22.png
./assets/minecraft/textures/item/compass_23.png
./assets/minecraft/textures/item/compass_24.png
./assets/minecraft/textures/item/compass_25.png
./assets/minecraft/textures/item/compass_26.png
./assets/minecraft/textures/item/compass_27.png
./assets/minecraft/textures/item/compass_28.png
./assets/minecraft/textures/item/compass_29.png
./assets/minecraft/textures/item/compass_30.png
./assets/minecraft/textures/item/compass_31.png
./assets/minecraft/textures/item/cookie.png
./assets/minecraft/textures/item/dark_oak_boat.png
./assets/minecraft/textures/item/diamond.png
./assets/minecraft/textures/item/diamond_axe.png
./assets/minecraft/textures/item/diamond_boots.png
./assets/minecraft/textures/item/diamond_chestplate.png
./assets/minecraft/textures/item/diamond_helmet.png
./assets/minecraft/textures/item/diamond_hoe.png
./assets/minecraft/textures/item/diamond_horse_armor.png
./assets/minecraft/textures/item/diamond_leggings.png
./assets/minecraft/textures/item/diamond_pickaxe.png
./assets/minecraft/textures/item/diamond_shovel.png
./assets/minecraft/textures/item/diamond_sword.png
./assets/minecraft/textures/item/door_acacia.png
./assets/minecraft/textures/item/door_birch.png
./assets/minecraft/textures/item/door_dark_oak.png
./assets/minecraft/textures/item/door_iron.png
./assets/minecraft/textures/item/door_jungle.png
./assets/minecraft/textures/item/door_spruce.png
./assets/minecraft/textures/item/door_wood.png
./assets/minecraft/textures/item/dragon_breath.png
./assets/minecraft/textures/item/dye_powder_black.png
./assets/minecraft/textures/item/dye_powder_blue.png
./assets/minecraft/textures/item/dye_powder_brown.png
./assets/minecraft/textures/item/dye_powder_cyan.png
./assets/minecraft/textures/item/dye_powder_gray.png
./assets/minecraft/textures/item/dye_powder_green.png
./assets/minecraft/textures/item/dye_powder_light_blue.png
./assets/minecraft/textures/item/dye_powder_lime.png
./assets/minecraft/textures/item/dye_powder_magenta.png
./assets/minecraft/textures/item/dye_powder_orange.png
./assets/minecraft/textures/item/dye_powder_pink.png
./assets/minecraft/textures/item/dye_powder_purple.png
./assets/minecraft/textures/item/dye_powder_red.png
./assets/minecraft/textures/item/dye_powder_silver.png
./assets/minecraft/textures/item/dye_powder_white.png
./assets/minecraft/textures/item/dye_powder_yellow.png
./assets/minecraft/textures/item/egg.png
./assets/minecraft/textures/item/elytra.png
./assets/minecraft/textures/item/emerald.png
./assets/minecraft/textures/item/ender_eye.png
./assets/minecraft/textures/item/ender_pearl.png
./assets/minecraft/textures/item/end_crystal.png
./assets/minecraft/textures/item/experience_bottle.png
./assets/minecraft/textures/item/feather.png
./assets/minecraft/textures/item/fireball.png
./assets/minecraft/textures/item/fireworks.png
./assets/minecraft/textures/item/fireworks_charge.png
./assets/minecraft/textures/item/fireworks_charge_overlay.png
./assets/minecraft/textures/item/fishing_rod_cast.png
./assets/minecraft/textures/item/fishing_rod_uncast.png
./assets/minecraft/textures/item/fish_clownfish_raw.png
./assets/minecraft/textures/item/fish_cod_cooked.png
./assets/minecraft/textures/item/fish_cod_raw.png
./assets/minecraft/textures/item/fish_pufferfish_raw.png
./assets/minecraft/textures/item/fish_salmon_cooked.png
./assets/minecraft/textures/item/fish_salmon_raw.png
./assets/minecraft/textures/item/flint.png
./assets/minecraft/textures/item/flint_and_steel.png
./assets/minecraft/textures/item/flower_pot.png
./assets/minecraft/textures/item/ghast_tear.png
./assets/minecraft/textures/item/glowstone_dust.png
./assets/minecraft/textures/item/gold_axe.png
./assets/minecraft/textures/item/gold_boots.png
./assets/minecraft/textures/item/gold_chestplate.png
./assets/minecraft/textures/item/gold_helmet.png
./assets/minecraft/textures/item/gold_hoe.png
./assets/minecraft/textures/item/gold_horse_armor.png
./assets/minecraft/textures/item/gold_ingot.png
./assets/minecraft/textures/item/gold_leggings.png
./assets/minecraft/textures/item/gold_nugget.png
./assets/minecraft/textures/item/gold_pickaxe.png
./assets/minecraft/textures/item/gold_shovel.png
./assets/minecraft/textures/item/gold_sword.png
./assets/minecraft/textures/item/gunpowder.png
./assets/minecraft/textures/item/hopper.png
./assets/minecraft/textures/item/iron_axe.png
./assets/minecraft/textures/item/iron_boots.png
./assets/minecraft/textures/item/iron_chestplate.png
./assets/minecraft/textures/item/iron_helmet.png
./assets/minecraft/textures/item/iron_hoe.png
./assets/minecraft/textures/item/iron_horse_armor.png
./assets/minecraft/textures/item/iron_ingot.png
./assets/minecraft/textures/item/iron_leggings.png
./assets/minecraft/textures/item/iron_pickaxe.png
./assets/minecraft/textures/item/iron_shovel.png
./assets/minecraft/textures/item/iron_sword.png
./assets/minecraft/textures/item/item_frame.png
./assets/minecraft/textures/item/jungle_boat.png
./assets/minecraft/textures/item/lead.png
./assets/minecraft/textures/item/leather.png
./assets/minecraft/textures/item/leather_boots.png
./assets/minecraft/textures/item/leather_boots_overlay.png
./assets/minecraft/textures/item/leather_chestplate.png
./assets/minecraft/textures/item/leather_chestplate_overlay.png
./assets/minecraft/textures/item/leather_helmet.png
./assets/minecraft/textures/item/leather_helmet_overlay.png
./assets/minecraft/textures/item/leather_leggings.png
./assets/minecraft/textures/item/leather_leggings_overlay.png
./assets/minecraft/textures/item/magma_cream.png
./assets/minecraft/textures/item/map_empty.png
./assets/minecraft/textures/item/map_filled.png
./assets/minecraft/textures/item/melon.png
./assets/minecraft/textures/item/melon_speckled.png
./assets/minecraft/textures/item/minecart_chest.png
./assets/minecraft/textures/item/minecart_command_block.png
./assets/minecraft/textures/item/minecart_furnace.png
./assets/minecraft/textures/item/minecart_hopper.png
./assets/minecraft/textures/item/minecart_normal.png
./assets/minecraft/textures/item/minecart_tnt.png
./assets/minecraft/textures/item/mushroom_stew.png
./assets/minecraft/textures/item/mutton_cooked.png
./assets/minecraft/textures/item/mutton_raw.png
./assets/minecraft/textures/item/name_tag.png
./assets/minecraft/textures/item/netherbrick.png
./assets/minecraft/textures/item/nether_star.png
./assets/minecraft/textures/item/nether_wart.png
./assets/minecraft/textures/item/oak_boat.png
./assets/minecraft/textures/item/painting.png
./assets/minecraft/textures/item/paper.png
./assets/minecraft/textures/item/porkchop_cooked.png
./assets/minecraft/textures/item/porkchop_raw.png
./assets/minecraft/textures/item/potato.png
./assets/minecraft/textures/item/potato_baked.png
./assets/minecraft/textures/item/potato_poisonous.png
./assets/minecraft/textures/item/potion_bottle_drinkable.png
./assets/minecraft/textures/item/potion_bottle_empty.png
./assets/minecraft/textures/item/potion_bottle_lingering.png
./assets/minecraft/textures/item/potion_bottle_splash.png
./assets/minecraft/textures/item/potion_overlay.png
./assets/minecraft/textures/item/prismarine_crystals.png
./assets/minecraft/textures/item/prismarine_shard.png
./assets/minecraft/textures/item/pumpkin_pie.png
./assets/minecraft/textures/item/quartz.png
./assets/minecraft/textures/item/rabbit_cooked.png
./assets/minecraft/textures/item/rabbit_foot.png
./assets/minecraft/textures/item/rabbit_hide.png
./assets/minecraft/textures/item/rabbit_raw.png
./assets/minecraft/textures/item/rabbit_stew.png
./assets/minecraft/textures/item/record_11.png
./assets/minecraft/textures/item/record_13.png
./assets/minecraft/textures/item/record_blocks.png
./assets/minecraft/textures/item/record_cat.png
./assets/minecraft/textures/item/record_chirp.png
./assets/minecraft/textures/item/record_far.png
./assets/minecraft/textures/item/record_mall.png
./assets/minecraft/textures/item/record_mellohi.png
./assets/minecraft/textures/item/record_stal.png
./assets/minecraft/textures/item/record_strad.png
./assets/minecraft/textures/item/record_wait.png
./assets/minecraft/textures/item/record_ward.png
./assets/minecraft/textures/item/redstone_dust.png
./assets/minecraft/textures/item/reeds.png
./assets/minecraft/textures/item/repeater.png
./assets/minecraft/textures/item/rotten_flesh.png
./assets/minecraft/textures/item/ruby.png
./assets/minecraft/textures/item/saddle.png
./assets/minecraft/textures/item/seeds_melon.png
./assets/minecraft/textures/item/seeds_pumpkin.png
./assets/minecraft/textures/item/seeds_wheat.png
./assets/minecraft/textures/item/shears.png
./assets/minecraft/textures/item/sign.png
./assets/minecraft/textures/item/slimeball.png
./assets/minecraft/textures/item/snowball.png
./assets/minecraft/textures/item/spawn_egg.png
./assets/minecraft/textures/item/spawn_egg_overlay.png
./assets/minecraft/textures/item/spectral_arrow.png
./assets/minecraft/textures/item/spider_eye.png
./assets/minecraft/textures/item/spider_eye_fermented.png
./assets/minecraft/textures/item/spruce_boat.png
./assets/minecraft/textures/item/stick.png
./assets/minecraft/textures/item/stone_axe.png
./assets/minecraft/textures/item/stone_hoe.png
./assets/minecraft/textures/item/stone_pickaxe.png
./assets/minecraft/textures/item/stone_shovel.png
./assets/minecraft/textures/item/stone_sword.png
./assets/minecraft/textures/item/string.png
./assets/minecraft/textures/item/structure_void.png
./assets/minecraft/textures/item/sugar.png
./assets/minecraft/textures/item/tipped_arrow_base.png
./assets/minecraft/textures/item/tipped_arrow_head.png
./assets/minecraft/textures/item/wheat.png
./assets/minecraft/textures/item/wooden_armorstand.png
./assets/minecraft/textures/item/wood_axe.png
./assets/minecraft/textures/item/wood_hoe.png
./assets/minecraft/textures/item/wood_pickaxe.png
./assets/minecraft/textures/item/wood_shovel.png
./assets/minecraft/textures/item/wood_sword.png
