./pack.png
./pack.mcmeta
./assets/minecraft/textures/gui/achievement/achievement_background.png
./assets/minecraft/textures/gui/achievement/achievement_icons.png
./assets/minecraft/textures/gui/book.png
./assets/minecraft/textures/gui/container/anvil.png
./assets/minecraft/textures/gui/container/beacon.png
./assets/minecraft/textures/gui/container/brewing_stand.png
./assets/minecraft/textures/gui/container/crafting_table.png
./assets/minecraft/textures/gui/container/creative_inventory/tabs.png
./assets/minecraft/textures/gui/container/creative_inventory/tab_inventory.png
./assets/minecraft/textures/gui/container/creative_inventory/tab_items.png
./assets/minecraft/textures/gui/container/creative_inventory/tab_item_search.png
./assets/minecraft/textures/gui/container/dispenser.png
./assets/minecraft/textures/gui/container/enchanting_table.png
./assets/minecraft/textures/gui/container/furnace.png
./assets/minecraft/textures/gui/container/generic_54.png
./assets/minecraft/textures/gui/container/hopper.png
./assets/minecraft/textures/gui/container/horse.png
./assets/minecraft/textures/gui/container/inventory.png
./assets/minecraft/textures/gui/container/stats_icons.png
./assets/minecraft/textures/gui/container/villager.png
./assets/minecraft/textures/gui/demo_background.png
./assets/minecraft/textures/gui/icons.png
./assets/minecraft/textures/gui/options_background.png
./assets/minecraft/textures/gui/resource_packs.png
./assets/minecraft/textures/gui/server_selection.png
./assets/minecraft/textures/gui/spectator_widgets.png
./assets/minecraft/textures/gui/stream_indicator.png
./assets/minecraft/textures/gui/title/minecraft.png
./assets/minecraft/textures/gui/title/mojang.png
./assets/minecraft/textures/gui/widgets.png
