./pack.png
./pack.mcmeta
./assets/minecraft/textures/entity/bat.png
./assets/minecraft/textures/entity/blaze.png
./assets/minecraft/textures/entity/cat/black.png
./assets/minecraft/textures/entity/cat/ocelot.png
./assets/minecraft/textures/entity/cat/red.png
./assets/minecraft/textures/entity/cat/siamese.png
./assets/minecraft/textures/entity/chicken.png
./assets/minecraft/textures/entity/cow/cow.png
./assets/minecraft/textures/entity/cow/mooshroom.png
./assets/minecraft/textures/entity/creeper/creeper.png
./assets/minecraft/textures/entity/creeper/creeper_armor.png
./assets/minecraft/textures/entity/enchanting_table_book.png
./assets/minecraft/textures/entity/enderdragon/dragon.png
./assets/minecraft/textures/entity/enderdragon/dragon_exploding.png
./assets/minecraft/textures/entity/enderdragon/dragon_eyes.png
./assets/minecraft/textures/entity/enderman/enderman.png
./assets/minecraft/textures/entity/enderman/enderman_eyes.png
./assets/minecraft/textures/entity/endermite.png
./assets/minecraft/textures/entity/ghast/ghast.png
./assets/minecraft/textures/entity/ghast/ghast_shooting.png
./assets/minecraft/textures/entity/guardian.png
./assets/minecraft/textures/entity/guardian_beam.png
./assets/minecraft/textures/entity/guardian_elder.png
./assets/minecraft/textures/entity/horse/armor/horse_armor_diamond.png
./assets/minecraft/textures/entity/horse/armor/horse_armor_gold.png
./assets/minecraft/textures/entity/horse/armor/horse_armor_iron.png
./assets/minecraft/textures/entity/horse/donkey.png
./assets/minecraft/textures/entity/horse/horse_black.png
./assets/minecraft/textures/entity/horse/horse_brown.png
./assets/minecraft/textures/entity/horse/horse_chestnut.png
./assets/minecraft/textures/entity/horse/horse_creamy.png
./assets/minecraft/textures/entity/horse/horse_darkbrown.png
./assets/minecraft/textures/entity/horse/horse_gray.png
./assets/minecraft/textures/entity/horse/horse_markings_blackdots.png
./assets/minecraft/textures/entity/horse/horse_markings_white.png
./assets/minecraft/textures/entity/horse/horse_markings_whitedots.png
./assets/minecraft/textures/entity/horse/horse_markings_whitefield.png
./assets/minecraft/textures/entity/horse/horse_skeleton.png
./assets/minecraft/textures/entity/horse/horse_white.png
./assets/minecraft/textures/entity/horse/horse_zombie.png
./assets/minecraft/textures/entity/horse/mule.png
./assets/minecraft/textures/entity/iron_golem.png
./assets/minecraft/textures/entity/pig/pig.png
./assets/minecraft/textures/entity/pig/pig_saddle.png
./assets/minecraft/textures/entity/rabbit/black.png
./assets/minecraft/textures/entity/rabbit/brown.png
./assets/minecraft/textures/entity/rabbit/caerbannog.png
./assets/minecraft/textures/entity/rabbit/gold.png
./assets/minecraft/textures/entity/rabbit/salt.png
./assets/minecraft/textures/entity/rabbit/toast.png
./assets/minecraft/textures/entity/rabbit/white.png
./assets/minecraft/textures/entity/rabbit/white_splotched.png
./assets/minecraft/textures/entity/sheep/sheep.png
./assets/minecraft/textures/entity/sheep/sheep_fur.png
./assets/minecraft/textures/entity/shulker/endergolem.png
./assets/minecraft/textures/entity/shulker/spark.png
./assets/minecraft/textures/entity/silverfish.png
./assets/minecraft/textures/entity/skeleton/skeleton.png
./assets/minecraft/textures/entity/skeleton/wither_skeleton.png
./assets/minecraft/textures/entity/slime/magmacube.png
./assets/minecraft/textures/entity/slime/slime.png
./assets/minecraft/textures/entity/snowman.png
./assets/minecraft/textures/entity/spider/cave_spider.png
./assets/minecraft/textures/entity/spider/spider.png
./assets/minecraft/textures/entity/spider_eyes.png
./assets/minecraft/textures/entity/squid.png
./assets/minecraft/textures/entity/villager/butcher.png
./assets/minecraft/textures/entity/villager/farmer.png
./assets/minecraft/textures/entity/villager/librarian.png
./assets/minecraft/textures/entity/villager/priest.png
./assets/minecraft/textures/entity/villager/smith.png
./assets/minecraft/textures/entity/villager/villager.png
./assets/minecraft/textures/entity/witch.png
./assets/minecraft/textures/entity/wither/wither.png
./assets/minecraft/textures/entity/wither/wither_armor.png
./assets/minecraft/textures/entity/wither/wither_invulnerable.png
./assets/minecraft/textures/entity/wolf/wolf.png
./assets/minecraft/textures/entity/wolf/wolf_angry.png
./assets/minecraft/textures/entity/wolf/wolf_collar.png
./assets/minecraft/textures/entity/wolf/wolf_tame.png
./assets/minecraft/textures/entity/zombie/zombie.png
./assets/minecraft/textures/entity/zombie/zombie_villager.png
./assets/minecraft/textures/entity/zombie_pigman.png
./assets/minecraft/textures/entity/zombie_villager/zombie_butcher.png
./assets/minecraft/textures/entity/zombie_villager/zombie_farmer.png
./assets/minecraft/textures/entity/zombie_villager/zombie_librarian.png
./assets/minecraft/textures/entity/zombie_villager/zombie_priest.png
./assets/minecraft/textures/entity/zombie_villager/zombie_smith.png
./assets/minecraft/textures/entity/zombie_villager/zombie_villager.png
