./pack.png
./pack.mcmeta
./assets/minecraft/textures/entity/alex.png
./assets/minecraft/textures/entity/armorstand/wood.png
./assets/minecraft/textures/entity/arrow.png
./assets/minecraft/textures/entity/banner/base.png
./assets/minecraft/textures/entity/banner/border.png
./assets/minecraft/textures/entity/banner/bricks.png
./assets/minecraft/textures/entity/banner/circle.png
./assets/minecraft/textures/entity/banner/creeper.png
./assets/minecraft/textures/entity/banner/cross.png
./assets/minecraft/textures/entity/banner/curly_border.png
./assets/minecraft/textures/entity/banner/diagonal_left.png
./assets/minecraft/textures/entity/banner/diagonal_right.png
./assets/minecraft/textures/entity/banner/diagonal_up_left.png
./assets/minecraft/textures/entity/banner/diagonal_up_right.png
./assets/minecraft/textures/entity/banner/flower.png
./assets/minecraft/textures/entity/banner/gradient.png
./assets/minecraft/textures/entity/banner/gradient_up.png
./assets/minecraft/textures/entity/banner/half_horizontal.png
./assets/minecraft/textures/entity/banner/half_horizontal_bottom.png
./assets/minecraft/textures/entity/banner/half_vertical.png
./assets/minecraft/textures/entity/banner/half_vertical_right.png
./assets/minecraft/textures/entity/banner/mojang.png
./assets/minecraft/textures/entity/banner/rhombus.png
./assets/minecraft/textures/entity/banner/skull.png
./assets/minecraft/textures/entity/banner/small_stripes.png
./assets/minecraft/textures/entity/banner/square_bottom_left.png
./assets/minecraft/textures/entity/banner/square_bottom_right.png
./assets/minecraft/textures/entity/banner/square_top_left.png
./assets/minecraft/textures/entity/banner/square_top_right.png
./assets/minecraft/textures/entity/banner/straight_cross.png
./assets/minecraft/textures/entity/banner/stripe_bottom.png
./assets/minecraft/textures/entity/banner/stripe_center.png
./assets/minecraft/textures/entity/banner/stripe_downleft.png
./assets/minecraft/textures/entity/banner/stripe_downright.png
./assets/minecraft/textures/entity/banner/stripe_left.png
./assets/minecraft/textures/entity/banner/stripe_middle.png
./assets/minecraft/textures/entity/banner/stripe_right.png
./assets/minecraft/textures/entity/banner/stripe_top.png
./assets/minecraft/textures/entity/banner/triangles_bottom.png
./assets/minecraft/textures/entity/banner/triangles_top.png
./assets/minecraft/textures/entity/banner/triangle_bottom.png
./assets/minecraft/textures/entity/banner/triangle_top.png
./assets/minecraft/textures/entity/banner_base.png
./assets/minecraft/textures/entity/beacon_beam.png
./assets/minecraft/textures/entity/boat/boat_acacia.png
./assets/minecraft/textures/entity/boat/boat_birch.png
./assets/minecraft/textures/entity/boat/boat_darkoak.png
./assets/minecraft/textures/entity/boat/boat_jungle.png
./assets/minecraft/textures/entity/boat/boat_oak.png
./assets/minecraft/textures/entity/boat/boat_spruce.png
./assets/minecraft/textures/entity/chest/christmas.png
./assets/minecraft/textures/entity/chest/christmas_double.png
./assets/minecraft/textures/entity/chest/ender.png
./assets/minecraft/textures/entity/chest/normal.png
./assets/minecraft/textures/entity/chest/normal_double.png
./assets/minecraft/textures/entity/chest/trapped.png
./assets/minecraft/textures/entity/chest/trapped_double.png
./assets/minecraft/textures/entity/enchanting_table_book.png
./assets/minecraft/textures/entity/end_crystal/end_crystal.png
./assets/minecraft/textures/entity/end_crystal/end_crystal_beam.png
./assets/minecraft/textures/entity/end_portal.png
./assets/minecraft/textures/entity/experience_orb.png
./assets/minecraft/textures/entity/explosion.png
./assets/minecraft/textures/entity/fishing_hook.png
./assets/minecraft/textures/entity/lead_knot.png
./assets/minecraft/textures/entity/minecart.png
./assets/minecraft/textures/entity/projectiles/arrow.png
./assets/minecraft/textures/entity/projectiles/spectral_arrow.png
./assets/minecraft/textures/entity/projectiles/tipped_arrow.png
./assets/minecraft/textures/entity/shield_base.png
./assets/minecraft/textures/entity/shield_base_nopattern.png
./assets/minecraft/textures/entity/shield/base.png
./assets/minecraft/textures/entity/shield/border.png
./assets/minecraft/textures/entity/shield/bricks.png
./assets/minecraft/textures/entity/shield/circle.png
./assets/minecraft/textures/entity/shield/creeper.png
./assets/minecraft/textures/entity/shield/cross.png
./assets/minecraft/textures/entity/shield/curly_border.png
./assets/minecraft/textures/entity/shield/diagonal_left.png
./assets/minecraft/textures/entity/shield/diagonal_right.png
./assets/minecraft/textures/entity/shield/diagonal_up_left.png
./assets/minecraft/textures/entity/shield/diagonal_up_right.png
./assets/minecraft/textures/entity/shield/flower.png
./assets/minecraft/textures/entity/shield/gradient.png
./assets/minecraft/textures/entity/shield/gradient_up.png
./assets/minecraft/textures/entity/shield/half_horizontal.png
./assets/minecraft/textures/entity/shield/half_horizontal_bottom.png
./assets/minecraft/textures/entity/shield/half_vertical.png
./assets/minecraft/textures/entity/shield/half_vertical_right.png
./assets/minecraft/textures/entity/shield/mojang.png
./assets/minecraft/textures/entity/shield/rhombus.png
./assets/minecraft/textures/entity/shield/skull.png
./assets/minecraft/textures/entity/shield/small_stripes.png
./assets/minecraft/textures/entity/shield/square_bottom_left.png
./assets/minecraft/textures/entity/shield/square_bottom_right.png
./assets/minecraft/textures/entity/shield/square_top_left.png
./assets/minecraft/textures/entity/shield/square_top_right.png
./assets/minecraft/textures/entity/shield/straight_cross.png
./assets/minecraft/textures/entity/shield/stripe_bottom.png
./assets/minecraft/textures/entity/shield/stripe_center.png
./assets/minecraft/textures/entity/shield/stripe_downleft.png
./assets/minecraft/textures/entity/shield/stripe_downright.png
./assets/minecraft/textures/entity/shield/stripe_left.png
./assets/minecraft/textures/entity/shield/stripe_middle.png
./assets/minecraft/textures/entity/shield/stripe_right.png
./assets/minecraft/textures/entity/shield/stripe_top.png
./assets/minecraft/textures/entity/shield/triangles_bottom.png
./assets/minecraft/textures/entity/shield/triangles_top.png
./assets/minecraft/textures/entity/shield/triangle_bottom.png
./assets/minecraft/textures/entity/shield/triangle_top.png
./assets/minecraft/textures/entity/sign.png
./assets/minecraft/textures/entity/steve.png
./assets/minecraft/textures/entity/sweep.png
./assets/minecraft/textures/environment/clouds.png
./assets/minecraft/textures/environment/end_sky.png
./assets/minecraft/textures/environment/moon_phases.png
./assets/minecraft/textures/environment/rain.png
./assets/minecraft/textures/environment/snow.png
./assets/minecraft/textures/environment/sun.png
./assets/minecraft/textures/map/map_background.png
./assets/minecraft/textures/map/map_icons.png
./assets/minecraft/textures/misc/enchanted_item_glint.png
./assets/minecraft/textures/misc/enchanted_item_glint.png.mcmeta
./assets/minecraft/textures/misc/forcefield.png
./assets/minecraft/textures/misc/pumpkinblur.png
./assets/minecraft/textures/misc/pumpkinblur.png.mcmeta
./assets/minecraft/textures/misc/shadow.png
./assets/minecraft/textures/misc/shadow.png.mcmeta
./assets/minecraft/textures/misc/underwater.png
./assets/minecraft/textures/misc/unknown_pack.png
./assets/minecraft/textures/misc/unknown_server.png
./assets/minecraft/textures/misc/vignette.png
./assets/minecraft/textures/misc/vignette.png.mcmeta
./assets/minecraft/textures/mob_effect/absorption.png
./assets/minecraft/textures/mob_effect/blindness.png
./assets/minecraft/textures/mob_effect/conduit_power.png
./assets/minecraft/textures/mob_effect/dolphins_grace.png
./assets/minecraft/textures/mob_effect/fire_resistance.png
./assets/minecraft/textures/mob_effect/glowing.png
./assets/minecraft/textures/mob_effect/haste.png
./assets/minecraft/textures/mob_effect/health_boost.png
./assets/minecraft/textures/mob_effect/hunger.png
./assets/minecraft/textures/mob_effect/invisibility.png
./assets/minecraft/textures/mob_effect/jump_boost.png
./assets/minecraft/textures/mob_effect/levitation.png
./assets/minecraft/textures/mob_effect/luck.png
./assets/minecraft/textures/mob_effect/mining_fatigue.png
./assets/minecraft/textures/mob_effect/nausea.png
./assets/minecraft/textures/mob_effect/night_vision.png
./assets/minecraft/textures/mob_effect/poison.png
./assets/minecraft/textures/mob_effect/regeneration.png
./assets/minecraft/textures/mob_effect/resistance.png
./assets/minecraft/textures/mob_effect/slow_falling.png
./assets/minecraft/textures/mob_effect/slowness.png
./assets/minecraft/textures/mob_effect/speed.png
./assets/minecraft/textures/mob_effect/strength.png
./assets/minecraft/textures/mob_effect/unluck.png
./assets/minecraft/textures/mob_effect/water_breathing.png
./assets/minecraft/textures/mob_effect/weakness.png
./assets/minecraft/textures/mob_effect/wither.png
./assets/minecraft/textures/models/armor/chainmail_layer_1.png
./assets/minecraft/textures/models/armor/chainmail_layer_2.png
./assets/minecraft/textures/models/armor/diamond_layer_1.png
./assets/minecraft/textures/models/armor/diamond_layer_2.png
./assets/minecraft/textures/models/armor/gold_layer_1.png
./assets/minecraft/textures/models/armor/gold_layer_2.png
./assets/minecraft/textures/models/armor/iron_layer_1.png
./assets/minecraft/textures/models/armor/iron_layer_2.png
./assets/minecraft/textures/models/armor/leather_layer_1.png
./assets/minecraft/textures/models/armor/leather_layer_1_overlay.png
./assets/minecraft/textures/models/armor/leather_layer_2.png
./assets/minecraft/textures/models/armor/leather_layer_2_overlay.png
./assets/minecraft/textures/painting/paintings_kristoffer_zetterstrand.png
./assets/minecraft/textures/painting/alban.png
./assets/minecraft/textures/painting/aztec.png
./assets/minecraft/textures/painting/aztec2.png
./assets/minecraft/textures/painting/back.png
./assets/minecraft/textures/painting/bomb.png
./assets/minecraft/textures/painting/burning_skull.png
./assets/minecraft/textures/painting/bust.png
./assets/minecraft/textures/painting/courbet.png
./assets/minecraft/textures/painting/creebet.png
./assets/minecraft/textures/painting/donkey_kong.png
./assets/minecraft/textures/painting/fighters.png
./assets/minecraft/textures/painting/graham.png
./assets/minecraft/textures/painting/kebab.png
./assets/minecraft/textures/painting/match.png
./assets/minecraft/textures/painting/pigscene.png
./assets/minecraft/textures/painting/plant.png
./assets/minecraft/textures/painting/pointer.png
./assets/minecraft/textures/painting/pool.png
./assets/minecraft/textures/painting/sea.png
./assets/minecraft/textures/painting/skeleton.png
./assets/minecraft/textures/painting/skull_and_roses.png
./assets/minecraft/textures/painting/stage.png
./assets/minecraft/textures/painting/sunset.png
./assets/minecraft/textures/painting/void.png
./assets/minecraft/textures/painting/wanderer.png
./assets/minecraft/textures/painting/wasteland.png
./assets/minecraft/textures/painting/wither.png
./assets/minecraft/textures/particle/footprint.png
./assets/minecraft/textures/particle/particles.png
./assets/minecraft/textures/particle/angry.png
./assets/minecraft/textures/particle/bubble.png
./assets/minecraft/textures/particle/bubble_pop_0.png
./assets/minecraft/textures/particle/bubble_pop_1.png
./assets/minecraft/textures/particle/bubble_pop_2.png
./assets/minecraft/textures/particle/bubble_pop_3.png
./assets/minecraft/textures/particle/bubble_pop_4.png
./assets/minecraft/textures/particle/critical_hit.png
./assets/minecraft/textures/particle/damage.png
./assets/minecraft/textures/particle/drip_fall.png
./assets/minecraft/textures/particle/drip_hang.png
./assets/minecraft/textures/particle/drip_land.png
./assets/minecraft/textures/particle/effect_0.png
./assets/minecraft/textures/particle/effect_1.png
./assets/minecraft/textures/particle/effect_2.png
./assets/minecraft/textures/particle/effect_3.png
./assets/minecraft/textures/particle/effect_4.png
./assets/minecraft/textures/particle/effect_5.png
./assets/minecraft/textures/particle/effect_6.png
./assets/minecraft/textures/particle/effect_7.png
./assets/minecraft/textures/particle/enchanted_hit.png
./assets/minecraft/textures/particle/explosion_0.png
./assets/minecraft/textures/particle/explosion_1.png
./assets/minecraft/textures/particle/explosion_10.png
./assets/minecraft/textures/particle/explosion_11.png
./assets/minecraft/textures/particle/explosion_12.png
./assets/minecraft/textures/particle/explosion_13.png
./assets/minecraft/textures/particle/explosion_14.png
./assets/minecraft/textures/particle/explosion_15.png
./assets/minecraft/textures/particle/explosion_2.png
./assets/minecraft/textures/particle/explosion_3.png
./assets/minecraft/textures/particle/explosion_4.png
./assets/minecraft/textures/particle/explosion_5.png
./assets/minecraft/textures/particle/explosion_6.png
./assets/minecraft/textures/particle/explosion_7.png
./assets/minecraft/textures/particle/explosion_8.png
./assets/minecraft/textures/particle/explosion_9.png
./assets/minecraft/textures/particle/flame.png
./assets/minecraft/textures/particle/flash.png
./assets/minecraft/textures/particle/generic_0.png
./assets/minecraft/textures/particle/generic_1.png
./assets/minecraft/textures/particle/generic_2.png
./assets/minecraft/textures/particle/generic_3.png
./assets/minecraft/textures/particle/generic_4.png
./assets/minecraft/textures/particle/generic_5.png
./assets/minecraft/textures/particle/generic_6.png
./assets/minecraft/textures/particle/generic_7.png
./assets/minecraft/textures/particle/glint.png
./assets/minecraft/textures/particle/glitter_0.png
./assets/minecraft/textures/particle/glitter_1.png
./assets/minecraft/textures/particle/glitter_2.png
./assets/minecraft/textures/particle/glitter_3.png
./assets/minecraft/textures/particle/glitter_4.png
./assets/minecraft/textures/particle/glitter_5.png
./assets/minecraft/textures/particle/glitter_6.png
./assets/minecraft/textures/particle/glitter_7.png
./assets/minecraft/textures/particle/heart.png
./assets/minecraft/textures/particle/lava.png
./assets/minecraft/textures/particle/nautilus.png
./assets/minecraft/textures/particle/note.png
./assets/minecraft/textures/particle/sga_a.png
./assets/minecraft/textures/particle/sga_b.png
./assets/minecraft/textures/particle/sga_c.png
./assets/minecraft/textures/particle/sga_d.png
./assets/minecraft/textures/particle/sga_e.png
./assets/minecraft/textures/particle/sga_f.png
./assets/minecraft/textures/particle/sga_g.png
./assets/minecraft/textures/particle/sga_h.png
./assets/minecraft/textures/particle/sga_i.png
./assets/minecraft/textures/particle/sga_j.png
./assets/minecraft/textures/particle/sga_k.png
./assets/minecraft/textures/particle/sga_l.png
./assets/minecraft/textures/particle/sga_m.png
./assets/minecraft/textures/particle/sga_n.png
./assets/minecraft/textures/particle/sga_o.png
./assets/minecraft/textures/particle/sga_p.png
./assets/minecraft/textures/particle/sga_q.png
./assets/minecraft/textures/particle/sga_r.png
./assets/minecraft/textures/particle/sga_s.png
./assets/minecraft/textures/particle/sga_t.png
./assets/minecraft/textures/particle/sga_u.png
./assets/minecraft/textures/particle/sga_v.png
./assets/minecraft/textures/particle/sga_w.png
./assets/minecraft/textures/particle/sga_x.png
./assets/minecraft/textures/particle/sga_y.png
./assets/minecraft/textures/particle/sga_z.png
./assets/minecraft/textures/particle/spark_0.png
./assets/minecraft/textures/particle/spark_1.png
./assets/minecraft/textures/particle/spark_2.png
./assets/minecraft/textures/particle/spark_3.png
./assets/minecraft/textures/particle/spark_4.png
./assets/minecraft/textures/particle/spark_5.png
./assets/minecraft/textures/particle/spark_6.png
./assets/minecraft/textures/particle/spark_7.png
./assets/minecraft/textures/particle/spell_0.png
./assets/minecraft/textures/particle/spell_1.png
./assets/minecraft/textures/particle/spell_2.png
./assets/minecraft/textures/particle/spell_3.png
./assets/minecraft/textures/particle/spell_4.png
./assets/minecraft/textures/particle/spell_5.png
./assets/minecraft/textures/particle/spell_6.png
./assets/minecraft/textures/particle/spell_7.png
./assets/minecraft/textures/particle/splash_0.png
./assets/minecraft/textures/particle/splash_1.png
./assets/minecraft/textures/particle/splash_2.png
./assets/minecraft/textures/particle/splash_3.png
./assets/minecraft/textures/particle/sweep_0.png
./assets/minecraft/textures/particle/sweep_1.png
./assets/minecraft/textures/particle/sweep_2.png
./assets/minecraft/textures/particle/sweep_3.png
./assets/minecraft/textures/particle/sweep_4.png
./assets/minecraft/textures/particle/sweep_5.png
./assets/minecraft/textures/particle/sweep_6.png
./assets/minecraft/textures/particle/sweep_7.png
