./pack.png
./pack.mcmeta
./assets/minecraft/textures/blocks/anvil_base.png
./assets/minecraft/textures/blocks/anvil_top_damaged_0.png
./assets/minecraft/textures/blocks/anvil_top_damaged_1.png
./assets/minecraft/textures/blocks/anvil_top_damaged_2.png
./assets/minecraft/textures/blocks/beacon.png
./assets/minecraft/textures/blocks/bedrock.png
./assets/minecraft/textures/blocks/bed_feet_end.png
./assets/minecraft/textures/blocks/bed_feet_side.png
./assets/minecraft/textures/blocks/bed_feet_top.png
./assets/minecraft/textures/blocks/bed_head_end.png
./assets/minecraft/textures/blocks/bed_head_side.png
./assets/minecraft/textures/blocks/bed_head_top.png
./assets/minecraft/textures/blocks/beetroots_stage_0.png
./assets/minecraft/textures/blocks/beetroots_stage_1.png
./assets/minecraft/textures/blocks/beetroots_stage_2.png
./assets/minecraft/textures/blocks/beetroots_stage_3.png
./assets/minecraft/textures/blocks/bookshelf.png
./assets/minecraft/textures/blocks/brewing_stand.png
./assets/minecraft/textures/blocks/brewing_stand_base.png
./assets/minecraft/textures/blocks/brick.png
./assets/minecraft/textures/blocks/cactus_bottom.png
./assets/minecraft/textures/blocks/cactus_side.png
./assets/minecraft/textures/blocks/cactus_top.png
./assets/minecraft/textures/blocks/cake_bottom.png
./assets/minecraft/textures/blocks/cake_inner.png
./assets/minecraft/textures/blocks/cake_side.png
./assets/minecraft/textures/blocks/cake_top.png
./assets/minecraft/textures/blocks/carrots_stage_0.png
./assets/minecraft/textures/blocks/carrots_stage_1.png
./assets/minecraft/textures/blocks/carrots_stage_2.png
./assets/minecraft/textures/blocks/carrots_stage_3.png
./assets/minecraft/textures/blocks/cauldron_bottom.png
./assets/minecraft/textures/blocks/cauldron_inner.png
./assets/minecraft/textures/blocks/cauldron_side.png
./assets/minecraft/textures/blocks/cauldron_top.png
./assets/minecraft/textures/blocks/chain_command_block_back.png
./assets/minecraft/textures/blocks/chain_command_block_back.png.mcmeta
./assets/minecraft/textures/blocks/chain_command_block_conditional.png
./assets/minecraft/textures/blocks/chain_command_block_conditional.png.mcmeta
./assets/minecraft/textures/blocks/chain_command_block_front.png
./assets/minecraft/textures/blocks/chain_command_block_front.png.mcmeta
./assets/minecraft/textures/blocks/chain_command_block_side.png
./assets/minecraft/textures/blocks/chain_command_block_side.png.mcmeta
./assets/minecraft/textures/blocks/chorus_flower.png
./assets/minecraft/textures/blocks/chorus_flower_dead.png
./assets/minecraft/textures/blocks/chorus_plant.png
./assets/minecraft/textures/blocks/clay.png
./assets/minecraft/textures/blocks/coal_block.png
./assets/minecraft/textures/blocks/coal_ore.png
./assets/minecraft/textures/blocks/coarse_dirt.png
./assets/minecraft/textures/blocks/cobblestone.png
./assets/minecraft/textures/blocks/cobblestone_mossy.png
./assets/minecraft/textures/blocks/cocoa_stage_0.png
./assets/minecraft/textures/blocks/cocoa_stage_1.png
./assets/minecraft/textures/blocks/cocoa_stage_2.png
./assets/minecraft/textures/blocks/command_block.png
./assets/minecraft/textures/blocks/command_block_back.png
./assets/minecraft/textures/blocks/command_block_back.png.mcmeta
./assets/minecraft/textures/blocks/command_block_conditional.png
./assets/minecraft/textures/blocks/command_block_conditional.png.mcmeta
./assets/minecraft/textures/blocks/command_block_front.png
./assets/minecraft/textures/blocks/command_block_front.png.mcmeta
./assets/minecraft/textures/blocks/command_block_side.png
./assets/minecraft/textures/blocks/command_block_side.png.mcmeta
./assets/minecraft/textures/blocks/comparator_off.png
./assets/minecraft/textures/blocks/comparator_on.png
./assets/minecraft/textures/blocks/crafting_table_front.png
./assets/minecraft/textures/blocks/crafting_table_side.png
./assets/minecraft/textures/blocks/crafting_table_top.png
./assets/minecraft/textures/blocks/daylight_detector_inverted_top.png
./assets/minecraft/textures/blocks/daylight_detector_side.png
./assets/minecraft/textures/blocks/daylight_detector_top.png
./assets/minecraft/textures/blocks/deadbush.png
./assets/minecraft/textures/blocks/debug.png
./assets/minecraft/textures/blocks/debug2.png
./assets/minecraft/textures/blocks/destroy_stage_0.png
./assets/minecraft/textures/blocks/destroy_stage_1.png
./assets/minecraft/textures/blocks/destroy_stage_2.png
./assets/minecraft/textures/blocks/destroy_stage_3.png
./assets/minecraft/textures/blocks/destroy_stage_4.png
./assets/minecraft/textures/blocks/destroy_stage_5.png
./assets/minecraft/textures/blocks/destroy_stage_6.png
./assets/minecraft/textures/blocks/destroy_stage_7.png
./assets/minecraft/textures/blocks/destroy_stage_8.png
./assets/minecraft/textures/blocks/destroy_stage_9.png
./assets/minecraft/textures/blocks/diamond_block.png
./assets/minecraft/textures/blocks/diamond_ore.png
./assets/minecraft/textures/blocks/dirt.png
./assets/minecraft/textures/blocks/dirt_podzol_side.png
./assets/minecraft/textures/blocks/dirt_podzol_top.png
./assets/minecraft/textures/blocks/dispenser_front_horizontal.png
./assets/minecraft/textures/blocks/dispenser_front_vertical.png
./assets/minecraft/textures/blocks/door_acacia_lower.png
./assets/minecraft/textures/blocks/door_acacia_upper.png
./assets/minecraft/textures/blocks/door_birch_lower.png
./assets/minecraft/textures/blocks/door_birch_upper.png
./assets/minecraft/textures/blocks/door_dark_oak_lower.png
./assets/minecraft/textures/blocks/door_dark_oak_upper.png
./assets/minecraft/textures/blocks/door_iron_lower.png
./assets/minecraft/textures/blocks/door_iron_upper.png
./assets/minecraft/textures/blocks/door_jungle_lower.png
./assets/minecraft/textures/blocks/door_jungle_upper.png
./assets/minecraft/textures/blocks/door_spruce_lower.png
./assets/minecraft/textures/blocks/door_spruce_upper.png
./assets/minecraft/textures/blocks/door_wood_lower.png
./assets/minecraft/textures/blocks/door_wood_upper.png
./assets/minecraft/textures/blocks/double_plant_fern_bottom.png
./assets/minecraft/textures/blocks/double_plant_fern_top.png
./assets/minecraft/textures/blocks/double_plant_grass_bottom.png
./assets/minecraft/textures/blocks/double_plant_grass_top.png
./assets/minecraft/textures/blocks/double_plant_paeonia_bottom.png
./assets/minecraft/textures/blocks/double_plant_paeonia_top.png
./assets/minecraft/textures/blocks/double_plant_rose_bottom.png
./assets/minecraft/textures/blocks/double_plant_rose_top.png
./assets/minecraft/textures/blocks/double_plant_sunflower_back.png
./assets/minecraft/textures/blocks/double_plant_sunflower_bottom.png
./assets/minecraft/textures/blocks/double_plant_sunflower_front.png
./assets/minecraft/textures/blocks/double_plant_sunflower_top.png
./assets/minecraft/textures/blocks/double_plant_syringa_bottom.png
./assets/minecraft/textures/blocks/double_plant_syringa_top.png
./assets/minecraft/textures/blocks/dragon_egg.png
./assets/minecraft/textures/blocks/dropper_front_horizontal.png
./assets/minecraft/textures/blocks/dropper_front_vertical.png
./assets/minecraft/textures/blocks/emerald_block.png
./assets/minecraft/textures/blocks/emerald_ore.png
./assets/minecraft/textures/blocks/enchanting_table_bottom.png
./assets/minecraft/textures/blocks/enchanting_table_side.png
./assets/minecraft/textures/blocks/enchanting_table_top.png
./assets/minecraft/textures/blocks/endframe_eye.png
./assets/minecraft/textures/blocks/endframe_side.png
./assets/minecraft/textures/blocks/endframe_top.png
./assets/minecraft/textures/blocks/end_bricks.png
./assets/minecraft/textures/blocks/end_rod.png
./assets/minecraft/textures/blocks/end_stone.png
./assets/minecraft/textures/blocks/farmland_dry.png
./assets/minecraft/textures/blocks/farmland_wet.png
./assets/minecraft/textures/blocks/fern.png
./assets/minecraft/textures/blocks/fire_layer_0.png
./assets/minecraft/textures/blocks/fire_layer_0.png.mcmeta
./assets/minecraft/textures/blocks/fire_layer_1.png
./assets/minecraft/textures/blocks/fire_layer_1.png.mcmeta
./assets/minecraft/textures/blocks/flower_allium.png
./assets/minecraft/textures/blocks/flower_blue_orchid.png
./assets/minecraft/textures/blocks/flower_dandelion.png
./assets/minecraft/textures/blocks/flower_houstonia.png
./assets/minecraft/textures/blocks/flower_oxeye_daisy.png
./assets/minecraft/textures/blocks/flower_paeonia.png
./assets/minecraft/textures/blocks/flower_pot.png
./assets/minecraft/textures/blocks/flower_rose.png
./assets/minecraft/textures/blocks/flower_tulip_orange.png
./assets/minecraft/textures/blocks/flower_tulip_pink.png
./assets/minecraft/textures/blocks/flower_tulip_red.png
./assets/minecraft/textures/blocks/flower_tulip_white.png
./assets/minecraft/textures/blocks/frosted_ice_0.png
./assets/minecraft/textures/blocks/frosted_ice_1.png
./assets/minecraft/textures/blocks/frosted_ice_2.png
./assets/minecraft/textures/blocks/frosted_ice_3.png
./assets/minecraft/textures/blocks/furnace_front_off.png
./assets/minecraft/textures/blocks/furnace_front_on.png
./assets/minecraft/textures/blocks/furnace_front_on.png.mcmeta
./assets/minecraft/textures/blocks/furnace_side.png
./assets/minecraft/textures/blocks/furnace_top.png
./assets/minecraft/textures/blocks/glass.png
./assets/minecraft/textures/blocks/glass_black.png
./assets/minecraft/textures/blocks/glass_blue.png
./assets/minecraft/textures/blocks/glass_brown.png
./assets/minecraft/textures/blocks/glass_cyan.png
./assets/minecraft/textures/blocks/glass_gray.png
./assets/minecraft/textures/blocks/glass_green.png
./assets/minecraft/textures/blocks/glass_light_blue.png
./assets/minecraft/textures/blocks/glass_lime.png
./assets/minecraft/textures/blocks/glass_magenta.png
./assets/minecraft/textures/blocks/glass_orange.png
./assets/minecraft/textures/blocks/glass_pane_top.png
./assets/minecraft/textures/blocks/glass_pane_top_black.png
./assets/minecraft/textures/blocks/glass_pane_top_blue.png
./assets/minecraft/textures/blocks/glass_pane_top_brown.png
./assets/minecraft/textures/blocks/glass_pane_top_cyan.png
./assets/minecraft/textures/blocks/glass_pane_top_gray.png
./assets/minecraft/textures/blocks/glass_pane_top_green.png
./assets/minecraft/textures/blocks/glass_pane_top_light_blue.png
./assets/minecraft/textures/blocks/glass_pane_top_lime.png
./assets/minecraft/textures/blocks/glass_pane_top_magenta.png
./assets/minecraft/textures/blocks/glass_pane_top_orange.png
./assets/minecraft/textures/blocks/glass_pane_top_pink.png
./assets/minecraft/textures/blocks/glass_pane_top_purple.png
./assets/minecraft/textures/blocks/glass_pane_top_red.png
./assets/minecraft/textures/blocks/glass_pane_top_silver.png
./assets/minecraft/textures/blocks/glass_pane_top_white.png
./assets/minecraft/textures/blocks/glass_pane_top_yellow.png
./assets/minecraft/textures/blocks/glass_pink.png
./assets/minecraft/textures/blocks/glass_purple.png
./assets/minecraft/textures/blocks/glass_red.png
./assets/minecraft/textures/blocks/glass_silver.png
./assets/minecraft/textures/blocks/glass_white.png
./assets/minecraft/textures/blocks/glass_yellow.png
./assets/minecraft/textures/blocks/glowstone.png
./assets/minecraft/textures/blocks/gold_block.png
./assets/minecraft/textures/blocks/gold_ore.png
./assets/minecraft/textures/blocks/grass_path_side.png
./assets/minecraft/textures/blocks/grass_path_top.png
./assets/minecraft/textures/blocks/grass_side.png
./assets/minecraft/textures/blocks/grass_side_overlay.png
./assets/minecraft/textures/blocks/grass_side_snowed.png
./assets/minecraft/textures/blocks/grass_top.png
./assets/minecraft/textures/blocks/gravel.png
./assets/minecraft/textures/blocks/hardened_clay.png
./assets/minecraft/textures/blocks/hardened_clay_stained_black.png
./assets/minecraft/textures/blocks/hardened_clay_stained_blue.png
./assets/minecraft/textures/blocks/hardened_clay_stained_brown.png
./assets/minecraft/textures/blocks/hardened_clay_stained_cyan.png
./assets/minecraft/textures/blocks/hardened_clay_stained_gray.png
./assets/minecraft/textures/blocks/hardened_clay_stained_green.png
./assets/minecraft/textures/blocks/hardened_clay_stained_light_blue.png
./assets/minecraft/textures/blocks/hardened_clay_stained_lime.png
./assets/minecraft/textures/blocks/hardened_clay_stained_magenta.png
./assets/minecraft/textures/blocks/hardened_clay_stained_orange.png
./assets/minecraft/textures/blocks/hardened_clay_stained_pink.png
./assets/minecraft/textures/blocks/hardened_clay_stained_purple.png
./assets/minecraft/textures/blocks/hardened_clay_stained_red.png
./assets/minecraft/textures/blocks/hardened_clay_stained_silver.png
./assets/minecraft/textures/blocks/hardened_clay_stained_white.png
./assets/minecraft/textures/blocks/hardened_clay_stained_yellow.png
./assets/minecraft/textures/blocks/hay_block_side.png
./assets/minecraft/textures/blocks/hay_block_top.png
./assets/minecraft/textures/blocks/hopper_inside.png
./assets/minecraft/textures/blocks/hopper_outside.png
./assets/minecraft/textures/blocks/hopper_top.png
./assets/minecraft/textures/blocks/ice.png
./assets/minecraft/textures/blocks/ice_packed.png
./assets/minecraft/textures/blocks/iron_bars.png
./assets/minecraft/textures/blocks/iron_block.png
./assets/minecraft/textures/blocks/iron_ore.png
./assets/minecraft/textures/blocks/iron_trapdoor.png
./assets/minecraft/textures/blocks/itemframe_background.png
./assets/minecraft/textures/blocks/jukebox_side.png
./assets/minecraft/textures/blocks/jukebox_top.png
./assets/minecraft/textures/blocks/ladder.png
./assets/minecraft/textures/blocks/lapis_block.png
./assets/minecraft/textures/blocks/lapis_ore.png
./assets/minecraft/textures/blocks/lava_flow.png
./assets/minecraft/textures/blocks/lava_flow.png.mcmeta
./assets/minecraft/textures/blocks/lava_still.png
./assets/minecraft/textures/blocks/lava_still.png.mcmeta
./assets/minecraft/textures/blocks/leaves_acacia.png
./assets/minecraft/textures/blocks/leaves_big_oak.png
./assets/minecraft/textures/blocks/leaves_birch.png
./assets/minecraft/textures/blocks/leaves_jungle.png
./assets/minecraft/textures/blocks/leaves_oak.png
./assets/minecraft/textures/blocks/leaves_spruce.png
./assets/minecraft/textures/blocks/lever.png
./assets/minecraft/textures/blocks/log_acacia.png
./assets/minecraft/textures/blocks/log_acacia_top.png
./assets/minecraft/textures/blocks/log_big_oak.png
./assets/minecraft/textures/blocks/log_big_oak_top.png
./assets/minecraft/textures/blocks/log_birch.png
./assets/minecraft/textures/blocks/log_birch_top.png
./assets/minecraft/textures/blocks/log_jungle.png
./assets/minecraft/textures/blocks/log_jungle_top.png
./assets/minecraft/textures/blocks/log_oak.png
./assets/minecraft/textures/blocks/log_oak_top.png
./assets/minecraft/textures/blocks/log_spruce.png
./assets/minecraft/textures/blocks/log_spruce_top.png
./assets/minecraft/textures/blocks/melon_side.png
./assets/minecraft/textures/blocks/melon_stem_connected.png
./assets/minecraft/textures/blocks/melon_stem_disconnected.png
./assets/minecraft/textures/blocks/melon_top.png
./assets/minecraft/textures/blocks/mob_spawner.png
./assets/minecraft/textures/blocks/mushroom_block_inside.png
./assets/minecraft/textures/blocks/mushroom_block_skin_brown.png
./assets/minecraft/textures/blocks/mushroom_block_skin_red.png
./assets/minecraft/textures/blocks/mushroom_block_skin_stem.png
./assets/minecraft/textures/blocks/mushroom_brown.png
./assets/minecraft/textures/blocks/mushroom_red.png
./assets/minecraft/textures/blocks/mycelium_side.png
./assets/minecraft/textures/blocks/mycelium_top.png
./assets/minecraft/textures/blocks/netherrack.png
./assets/minecraft/textures/blocks/nether_brick.png
./assets/minecraft/textures/blocks/nether_wart_stage_0.png
./assets/minecraft/textures/blocks/nether_wart_stage_1.png
./assets/minecraft/textures/blocks/nether_wart_stage_2.png
./assets/minecraft/textures/blocks/noteblock.png
./assets/minecraft/textures/blocks/obsidian.png
./assets/minecraft/textures/blocks/piston_bottom.png
./assets/minecraft/textures/blocks/piston_inner.png
./assets/minecraft/textures/blocks/piston_side.png
./assets/minecraft/textures/blocks/piston_top_normal.png
./assets/minecraft/textures/blocks/piston_top_sticky.png
./assets/minecraft/textures/blocks/planks_acacia.png
./assets/minecraft/textures/blocks/planks_big_oak.png
./assets/minecraft/textures/blocks/planks_birch.png
./assets/minecraft/textures/blocks/planks_jungle.png
./assets/minecraft/textures/blocks/planks_oak.png
./assets/minecraft/textures/blocks/planks_spruce.png
./assets/minecraft/textures/blocks/portal.png
./assets/minecraft/textures/blocks/portal.png.mcmeta
./assets/minecraft/textures/blocks/potatoes_stage_0.png
./assets/minecraft/textures/blocks/potatoes_stage_1.png
./assets/minecraft/textures/blocks/potatoes_stage_2.png
./assets/minecraft/textures/blocks/potatoes_stage_3.png
./assets/minecraft/textures/blocks/prismarine_bricks.png
./assets/minecraft/textures/blocks/prismarine_dark.png
./assets/minecraft/textures/blocks/prismarine_rough.png
./assets/minecraft/textures/blocks/prismarine_rough.png.mcmeta
./assets/minecraft/textures/blocks/pumpkin_face_off.png
./assets/minecraft/textures/blocks/pumpkin_face_on.png
./assets/minecraft/textures/blocks/pumpkin_side.png
./assets/minecraft/textures/blocks/pumpkin_stem_connected.png
./assets/minecraft/textures/blocks/pumpkin_stem_disconnected.png
./assets/minecraft/textures/blocks/pumpkin_top.png
./assets/minecraft/textures/blocks/purpur_block.png
./assets/minecraft/textures/blocks/purpur_pillar.png
./assets/minecraft/textures/blocks/purpur_pillar_top.png
./assets/minecraft/textures/blocks/quartz_block_bottom.png
./assets/minecraft/textures/blocks/quartz_block_chiseled.png
./assets/minecraft/textures/blocks/quartz_block_chiseled_top.png
./assets/minecraft/textures/blocks/quartz_block_lines.png
./assets/minecraft/textures/blocks/quartz_block_lines_top.png
./assets/minecraft/textures/blocks/quartz_block_side.png
./assets/minecraft/textures/blocks/quartz_block_top.png
./assets/minecraft/textures/blocks/quartz_ore.png
./assets/minecraft/textures/blocks/rail_activator.png
./assets/minecraft/textures/blocks/rail_activator_powered.png
./assets/minecraft/textures/blocks/rail_detector.png
./assets/minecraft/textures/blocks/rail_detector_powered.png
./assets/minecraft/textures/blocks/rail_golden.png
./assets/minecraft/textures/blocks/rail_golden_powered.png
./assets/minecraft/textures/blocks/rail_normal.png
./assets/minecraft/textures/blocks/rail_normal_turned.png
./assets/minecraft/textures/blocks/redstone_block.png
./assets/minecraft/textures/blocks/redstone_dust_cross.png
./assets/minecraft/textures/blocks/redstone_dust_cross_overlay.png
./assets/minecraft/textures/blocks/redstone_dust_line.png
./assets/minecraft/textures/blocks/redstone_dust_line_overlay.png
./assets/minecraft/textures/blocks/redstone_lamp_off.png
./assets/minecraft/textures/blocks/redstone_lamp_on.png
./assets/minecraft/textures/blocks/redstone_ore.png
./assets/minecraft/textures/blocks/redstone_torch_off.png
./assets/minecraft/textures/blocks/redstone_torch_on.png
./assets/minecraft/textures/blocks/red_sand.png
./assets/minecraft/textures/blocks/red_sandstone_bottom.png
./assets/minecraft/textures/blocks/red_sandstone_carved.png
./assets/minecraft/textures/blocks/red_sandstone_normal.png
./assets/minecraft/textures/blocks/red_sandstone_smooth.png
./assets/minecraft/textures/blocks/red_sandstone_top.png
./assets/minecraft/textures/blocks/reeds.png
./assets/minecraft/textures/blocks/repeater_off.png
./assets/minecraft/textures/blocks/repeater_on.png
./assets/minecraft/textures/blocks/repeating_command_block_back.png
./assets/minecraft/textures/blocks/repeating_command_block_back.png.mcmeta
./assets/minecraft/textures/blocks/repeating_command_block_conditional.png
./assets/minecraft/textures/blocks/repeating_command_block_conditional.png.mcmeta
./assets/minecraft/textures/blocks/repeating_command_block_front.png
./assets/minecraft/textures/blocks/repeating_command_block_front.png.mcmeta
./assets/minecraft/textures/blocks/repeating_command_block_side.png
./assets/minecraft/textures/blocks/repeating_command_block_side.png.mcmeta
./assets/minecraft/textures/blocks/sand.png
./assets/minecraft/textures/blocks/sandstone_bottom.png
./assets/minecraft/textures/blocks/sandstone_carved.png
./assets/minecraft/textures/blocks/sandstone_normal.png
./assets/minecraft/textures/blocks/sandstone_smooth.png
./assets/minecraft/textures/blocks/sandstone_top.png
./assets/minecraft/textures/blocks/sapling_acacia.png
./assets/minecraft/textures/blocks/sapling_birch.png
./assets/minecraft/textures/blocks/sapling_jungle.png
./assets/minecraft/textures/blocks/sapling_oak.png
./assets/minecraft/textures/blocks/sapling_roofed_oak.png
./assets/minecraft/textures/blocks/sapling_spruce.png
./assets/minecraft/textures/blocks/sea_lantern.png
./assets/minecraft/textures/blocks/sea_lantern.png.mcmeta
./assets/minecraft/textures/blocks/slime.png
./assets/minecraft/textures/blocks/snow.png
./assets/minecraft/textures/blocks/soul_sand.png
./assets/minecraft/textures/blocks/sponge.png
./assets/minecraft/textures/blocks/sponge_wet.png
./assets/minecraft/textures/blocks/stone.png
./assets/minecraft/textures/blocks/stonebrick.png
./assets/minecraft/textures/blocks/stonebrick_carved.png
./assets/minecraft/textures/blocks/stonebrick_cracked.png
./assets/minecraft/textures/blocks/stonebrick_mossy.png
./assets/minecraft/textures/blocks/stone_andesite.png
./assets/minecraft/textures/blocks/stone_andesite_smooth.png
./assets/minecraft/textures/blocks/stone_diorite.png
./assets/minecraft/textures/blocks/stone_diorite_smooth.png
./assets/minecraft/textures/blocks/stone_granite.png
./assets/minecraft/textures/blocks/stone_granite_smooth.png
./assets/minecraft/textures/blocks/stone_slab_side.png
./assets/minecraft/textures/blocks/stone_slab_top.png
./assets/minecraft/textures/blocks/structure_block.png
./assets/minecraft/textures/blocks/structure_block_corner.png
./assets/minecraft/textures/blocks/structure_block_data.png
./assets/minecraft/textures/blocks/structure_block_load.png
./assets/minecraft/textures/blocks/structure_block_save.png
./assets/minecraft/textures/blocks/tallgrass.png
./assets/minecraft/textures/blocks/tnt_bottom.png
./assets/minecraft/textures/blocks/tnt_side.png
./assets/minecraft/textures/blocks/tnt_top.png
./assets/minecraft/textures/blocks/torch_on.png
./assets/minecraft/textures/blocks/torch_on.png.mcmeta
./assets/minecraft/textures/blocks/trapdoor.png
./assets/minecraft/textures/blocks/trip_wire.png
./assets/minecraft/textures/blocks/trip_wire_source.png
./assets/minecraft/textures/blocks/vine.png
./assets/minecraft/textures/blocks/waterlily.png
./assets/minecraft/textures/blocks/water_flow.png
./assets/minecraft/textures/blocks/water_flow.png.mcmeta
./assets/minecraft/textures/blocks/water_still.png
./assets/minecraft/textures/blocks/water_still.png.mcmeta
./assets/minecraft/textures/blocks/web.png
./assets/minecraft/textures/blocks/wheat_stage_0.png
./assets/minecraft/textures/blocks/wheat_stage_1.png
./assets/minecraft/textures/blocks/wheat_stage_2.png
./assets/minecraft/textures/blocks/wheat_stage_3.png
./assets/minecraft/textures/blocks/wheat_stage_4.png
./assets/minecraft/textures/blocks/wheat_stage_5.png
./assets/minecraft/textures/blocks/wheat_stage_6.png
./assets/minecraft/textures/blocks/wheat_stage_7.png
./assets/minecraft/textures/blocks/wool_colored_black.png
./assets/minecraft/textures/blocks/wool_colored_blue.png
./assets/minecraft/textures/blocks/wool_colored_brown.png
./assets/minecraft/textures/blocks/wool_colored_cyan.png
./assets/minecraft/textures/blocks/wool_colored_gray.png
./assets/minecraft/textures/blocks/wool_colored_green.png
./assets/minecraft/textures/blocks/wool_colored_light_blue.png
./assets/minecraft/textures/blocks/wool_colored_lime.png
./assets/minecraft/textures/blocks/wool_colored_magenta.png
./assets/minecraft/textures/blocks/wool_colored_orange.png
./assets/minecraft/textures/blocks/wool_colored_pink.png
./assets/minecraft/textures/blocks/wool_colored_purple.png
./assets/minecraft/textures/blocks/wool_colored_red.png
./assets/minecraft/textures/blocks/wool_colored_silver.png
./assets/minecraft/textures/blocks/wool_colored_white.png
./assets/minecraft/textures/blocks/wool_colored_yellow.png
