./pack.png
./pack.mcmeta
./assets/minecraft/textures/entity/armorstand/wood.png
./assets/minecraft/textures/entity/arrow.png
./assets/minecraft/textures/entity/banner/base.png
./assets/minecraft/textures/entity/banner/border.png
./assets/minecraft/textures/entity/banner/bricks.png
./assets/minecraft/textures/entity/banner/circle.png
./assets/minecraft/textures/entity/banner/creeper.png
./assets/minecraft/textures/entity/banner/cross.png
./assets/minecraft/textures/entity/banner/curly_border.png
./assets/minecraft/textures/entity/banner/diagonal_left.png
./assets/minecraft/textures/entity/banner/diagonal_right.png
./assets/minecraft/textures/entity/banner/diagonal_up_left.png
./assets/minecraft/textures/entity/banner/diagonal_up_right.png
./assets/minecraft/textures/entity/banner/flower.png
./assets/minecraft/textures/entity/banner/gradient.png
./assets/minecraft/textures/entity/banner/gradient_up.png
./assets/minecraft/textures/entity/banner/half_horizontal.png
./assets/minecraft/textures/entity/banner/half_horizontal_bottom.png
./assets/minecraft/textures/entity/banner/half_vertical.png
./assets/minecraft/textures/entity/banner/half_vertical_right.png
./assets/minecraft/textures/entity/banner/mojang.png
./assets/minecraft/textures/entity/banner/rhombus.png
./assets/minecraft/textures/entity/banner/skull.png
./assets/minecraft/textures/entity/banner/small_stripes.png
./assets/minecraft/textures/entity/banner/square_bottom_left.png
./assets/minecraft/textures/entity/banner/square_bottom_right.png
./assets/minecraft/textures/entity/banner/square_top_left.png
./assets/minecraft/textures/entity/banner/square_top_right.png
./assets/minecraft/textures/entity/banner/straight_cross.png
./assets/minecraft/textures/entity/banner/stripe_bottom.png
./assets/minecraft/textures/entity/banner/stripe_center.png
./assets/minecraft/textures/entity/banner/stripe_downleft.png
./assets/minecraft/textures/entity/banner/stripe_downright.png
./assets/minecraft/textures/entity/banner/stripe_left.png
./assets/minecraft/textures/entity/banner/stripe_middle.png
./assets/minecraft/textures/entity/banner/stripe_right.png
./assets/minecraft/textures/entity/banner/stripe_top.png
./assets/minecraft/textures/entity/banner/triangles_bottom.png
./assets/minecraft/textures/entity/banner/triangles_top.png
./assets/minecraft/textures/entity/banner/triangle_bottom.png
./assets/minecraft/textures/entity/banner/triangle_top.png
./assets/minecraft/textures/entity/banner_base.png
./assets/minecraft/textures/entity/beacon_beam.png
./assets/minecraft/textures/entity/boat/boat_acacia.png
./assets/minecraft/textures/entity/boat/boat_birch.png
./assets/minecraft/textures/entity/boat/boat_darkoak.png
./assets/minecraft/textures/entity/boat/boat_jungle.png
./assets/minecraft/textures/entity/boat/boat_oak.png
./assets/minecraft/textures/entity/boat/boat_spruce.png
./assets/minecraft/textures/entity/chest/christmas.png
./assets/minecraft/textures/entity/chest/christmas_double.png
./assets/minecraft/textures/entity/chest/ender.png
./assets/minecraft/textures/entity/chest/normal.png
./assets/minecraft/textures/entity/chest/normal_double.png
./assets/minecraft/textures/entity/chest/trapped.png
./assets/minecraft/textures/entity/chest/trapped_double.png
./assets/minecraft/textures/entity/elytra.png
./assets/minecraft/textures/entity/enchanting_table_book.png
./assets/minecraft/textures/entity/endercrystal/endercrystal.png
./assets/minecraft/textures/entity/endercrystal/endercrystal_beam.png
./assets/minecraft/textures/entity/enderdragon/dragon_fireball.png
./assets/minecraft/textures/entity/end_gateway_beam.png
./assets/minecraft/textures/entity/end_portal.png
./assets/minecraft/textures/entity/experience_orb.png
./assets/minecraft/textures/entity/explosion.png
./assets/minecraft/textures/entity/lead_knot.png
./assets/minecraft/textures/entity/minecart.png
./assets/minecraft/textures/entity/projectiles/arrow.png
./assets/minecraft/textures/entity/projectiles/spectral_arrow.png
./assets/minecraft/textures/entity/projectiles/tipped_arrow.png
./assets/minecraft/textures/entity/shield/*.png
./assets/minecraft/textures/entity/shield_base.png
./assets/minecraft/textures/entity/shield_base_nopattern.png
./assets/minecraft/textures/entity/sign.png
./assets/minecraft/textures/entity/sweep.png
./assets/minecraft/textures/environment/clouds.png
./assets/minecraft/textures/environment/end_sky.png
./assets/minecraft/textures/environment/moon_phases.png
./assets/minecraft/textures/environment/rain.png
./assets/minecraft/textures/environment/snow.png
./assets/minecraft/textures/environment/sun.png
./assets/minecraft/textures/map/map_background.png
./assets/minecraft/textures/map/map_icons.png
./assets/minecraft/textures/misc/enchanted_item_glint.png
./assets/minecraft/textures/misc/enchanted_item_glint.png.mcmeta
./assets/minecraft/textures/misc/forcefield.png
./assets/minecraft/textures/misc/pumpkinblur.png
./assets/minecraft/textures/misc/pumpkinblur.png.mcmeta
./assets/minecraft/textures/misc/shadow.png
./assets/minecraft/textures/misc/shadow.png.mcmeta
./assets/minecraft/textures/misc/underwater.png
./assets/minecraft/textures/misc/unknown_pack.png
./assets/minecraft/textures/misc/unknown_server.png
./assets/minecraft/textures/misc/vignette.png
./assets/minecraft/textures/misc/vignette.png.mcmeta
./assets/minecraft/textures/models/armor/chainmail_layer_1.png
./assets/minecraft/textures/models/armor/chainmail_layer_2.png
./assets/minecraft/textures/models/armor/diamond_layer_1.png
./assets/minecraft/textures/models/armor/diamond_layer_2.png
./assets/minecraft/textures/models/armor/gold_layer_1.png
./assets/minecraft/textures/models/armor/gold_layer_2.png
./assets/minecraft/textures/models/armor/iron_layer_1.png
./assets/minecraft/textures/models/armor/iron_layer_2.png
./assets/minecraft/textures/models/armor/leather_layer_1.png
./assets/minecraft/textures/models/armor/leather_layer_1_overlay.png
./assets/minecraft/textures/models/armor/leather_layer_2.png
./assets/minecraft/textures/models/armor/leather_layer_2_overlay.png
./assets/minecraft/textures/painting/paintings_kristoffer_zetterstrand.png
./assets/minecraft/textures/particle/particles.png
