./pack.png
./pack.mcmeta
./assets/minecraft/textures/items/apple.png
./assets/minecraft/textures/items/apple_golden.png
./assets/minecraft/textures/items/arrow.png
./assets/minecraft/textures/items/banner_base.png
./assets/minecraft/textures/items/banner_overlay.png
./assets/minecraft/textures/items/barrier.png
./assets/minecraft/textures/items/bed.png
./assets/minecraft/textures/items/beef_cooked.png
./assets/minecraft/textures/items/beef_raw.png
./assets/minecraft/textures/items/blaze_powder.png
./assets/minecraft/textures/items/blaze_rod.png
./assets/minecraft/textures/items/boat.png
./assets/minecraft/textures/items/bone.png
./assets/minecraft/textures/items/book_enchanted.png
./assets/minecraft/textures/items/book_normal.png
./assets/minecraft/textures/items/book_writable.png
./assets/minecraft/textures/items/book_written.png
./assets/minecraft/textures/items/bowl.png
./assets/minecraft/textures/items/bow_pulling_0.png
./assets/minecraft/textures/items/bow_pulling_1.png
./assets/minecraft/textures/items/bow_pulling_2.png
./assets/minecraft/textures/items/bow_standby.png
./assets/minecraft/textures/items/bread.png
./assets/minecraft/textures/items/brewing_stand.png
./assets/minecraft/textures/items/brick.png
./assets/minecraft/textures/items/bucket_empty.png
./assets/minecraft/textures/items/bucket_lava.png
./assets/minecraft/textures/items/bucket_milk.png
./assets/minecraft/textures/items/bucket_water.png
./assets/minecraft/textures/items/cake.png
./assets/minecraft/textures/items/carrot.png
./assets/minecraft/textures/items/carrot_golden.png
./assets/minecraft/textures/items/carrot_on_a_stick.png
./assets/minecraft/textures/items/cauldron.png
./assets/minecraft/textures/items/chainmail_boots.png
./assets/minecraft/textures/items/chainmail_chestplate.png
./assets/minecraft/textures/items/chainmail_helmet.png
./assets/minecraft/textures/items/chainmail_leggings.png
./assets/minecraft/textures/items/charcoal.png
./assets/minecraft/textures/items/chicken_cooked.png
./assets/minecraft/textures/items/chicken_raw.png
./assets/minecraft/textures/items/clay_ball.png
./assets/minecraft/textures/items/clock.png
./assets/minecraft/textures/items/clock.png.mcmeta
./assets/minecraft/textures/items/coal.png
./assets/minecraft/textures/items/comparator.png
./assets/minecraft/textures/items/compass.png
./assets/minecraft/textures/items/compass.png.mcmeta
./assets/minecraft/textures/items/cookie.png
./assets/minecraft/textures/items/diamond.png
./assets/minecraft/textures/items/diamond_axe.png
./assets/minecraft/textures/items/diamond_boots.png
./assets/minecraft/textures/items/diamond_chestplate.png
./assets/minecraft/textures/items/diamond_helmet.png
./assets/minecraft/textures/items/diamond_hoe.png
./assets/minecraft/textures/items/diamond_horse_armor.png
./assets/minecraft/textures/items/diamond_leggings.png
./assets/minecraft/textures/items/diamond_pickaxe.png
./assets/minecraft/textures/items/diamond_shovel.png
./assets/minecraft/textures/items/diamond_sword.png
./assets/minecraft/textures/items/door_acacia.png
./assets/minecraft/textures/items/door_birch.png
./assets/minecraft/textures/items/door_dark_oak.png
./assets/minecraft/textures/items/door_iron.png
./assets/minecraft/textures/items/door_jungle.png
./assets/minecraft/textures/items/door_spruce.png
./assets/minecraft/textures/items/door_wood.png
./assets/minecraft/textures/items/dye_powder_black.png
./assets/minecraft/textures/items/dye_powder_blue.png
./assets/minecraft/textures/items/dye_powder_brown.png
./assets/minecraft/textures/items/dye_powder_cyan.png
./assets/minecraft/textures/items/dye_powder_gray.png
./assets/minecraft/textures/items/dye_powder_green.png
./assets/minecraft/textures/items/dye_powder_light_blue.png
./assets/minecraft/textures/items/dye_powder_lime.png
./assets/minecraft/textures/items/dye_powder_magenta.png
./assets/minecraft/textures/items/dye_powder_orange.png
./assets/minecraft/textures/items/dye_powder_pink.png
./assets/minecraft/textures/items/dye_powder_purple.png
./assets/minecraft/textures/items/dye_powder_red.png
./assets/minecraft/textures/items/dye_powder_silver.png
./assets/minecraft/textures/items/dye_powder_white.png
./assets/minecraft/textures/items/dye_powder_yellow.png
./assets/minecraft/textures/items/egg.png
./assets/minecraft/textures/items/emerald.png
./assets/minecraft/textures/items/empty_armor_slot_boots.png
./assets/minecraft/textures/items/empty_armor_slot_chestplate.png
./assets/minecraft/textures/items/empty_armor_slot_helmet.png
./assets/minecraft/textures/items/empty_armor_slot_leggings.png
./assets/minecraft/textures/items/ender_eye.png
./assets/minecraft/textures/items/ender_pearl.png
./assets/minecraft/textures/items/experience_bottle.png
./assets/minecraft/textures/items/feather.png
./assets/minecraft/textures/items/fireball.png
./assets/minecraft/textures/items/fireworks.png
./assets/minecraft/textures/items/fireworks_charge.png
./assets/minecraft/textures/items/fireworks_charge_overlay.png
./assets/minecraft/textures/items/fishing_rod_cast.png
./assets/minecraft/textures/items/fishing_rod_uncast.png
./assets/minecraft/textures/items/fish_clownfish_raw.png
./assets/minecraft/textures/items/fish_cod_cooked.png
./assets/minecraft/textures/items/fish_cod_raw.png
./assets/minecraft/textures/items/fish_pufferfish_raw.png
./assets/minecraft/textures/items/fish_salmon_cooked.png
./assets/minecraft/textures/items/fish_salmon_raw.png
./assets/minecraft/textures/items/flint.png
./assets/minecraft/textures/items/flint_and_steel.png
./assets/minecraft/textures/items/flower_pot.png
./assets/minecraft/textures/items/ghast_tear.png
./assets/minecraft/textures/items/glowstone_dust.png
./assets/minecraft/textures/items/gold_axe.png
./assets/minecraft/textures/items/gold_boots.png
./assets/minecraft/textures/items/gold_chestplate.png
./assets/minecraft/textures/items/gold_helmet.png
./assets/minecraft/textures/items/gold_hoe.png
./assets/minecraft/textures/items/gold_horse_armor.png
./assets/minecraft/textures/items/gold_ingot.png
./assets/minecraft/textures/items/gold_leggings.png
./assets/minecraft/textures/items/gold_nugget.png
./assets/minecraft/textures/items/gold_pickaxe.png
./assets/minecraft/textures/items/gold_shovel.png
./assets/minecraft/textures/items/gold_sword.png
./assets/minecraft/textures/items/gunpowder.png
./assets/minecraft/textures/items/hopper.png
./assets/minecraft/textures/items/iron_axe.png
./assets/minecraft/textures/items/iron_boots.png
./assets/minecraft/textures/items/iron_chestplate.png
./assets/minecraft/textures/items/iron_helmet.png
./assets/minecraft/textures/items/iron_hoe.png
./assets/minecraft/textures/items/iron_horse_armor.png
./assets/minecraft/textures/items/iron_ingot.png
./assets/minecraft/textures/items/iron_leggings.png
./assets/minecraft/textures/items/iron_pickaxe.png
./assets/minecraft/textures/items/iron_shovel.png
./assets/minecraft/textures/items/iron_sword.png
./assets/minecraft/textures/items/item_frame.png
./assets/minecraft/textures/items/lead.png
./assets/minecraft/textures/items/leather.png
./assets/minecraft/textures/items/leather_boots.png
./assets/minecraft/textures/items/leather_boots_overlay.png
./assets/minecraft/textures/items/leather_chestplate.png
./assets/minecraft/textures/items/leather_chestplate_overlay.png
./assets/minecraft/textures/items/leather_helmet.png
./assets/minecraft/textures/items/leather_helmet_overlay.png
./assets/minecraft/textures/items/leather_leggings.png
./assets/minecraft/textures/items/leather_leggings_overlay.png
./assets/minecraft/textures/items/magma_cream.png
./assets/minecraft/textures/items/map_empty.png
./assets/minecraft/textures/items/map_filled.png
./assets/minecraft/textures/items/melon.png
./assets/minecraft/textures/items/melon_speckled.png
./assets/minecraft/textures/items/minecart_chest.png
./assets/minecraft/textures/items/minecart_command_block.png
./assets/minecraft/textures/items/minecart_furnace.png
./assets/minecraft/textures/items/minecart_hopper.png
./assets/minecraft/textures/items/minecart_normal.png
./assets/minecraft/textures/items/minecart_tnt.png
./assets/minecraft/textures/items/mushroom_stew.png
./assets/minecraft/textures/items/mutton_cooked.png
./assets/minecraft/textures/items/mutton_raw.png
./assets/minecraft/textures/items/name_tag.png
./assets/minecraft/textures/items/netherbrick.png
./assets/minecraft/textures/items/nether_star.png
./assets/minecraft/textures/items/nether_wart.png
./assets/minecraft/textures/items/painting.png
./assets/minecraft/textures/items/paper.png
./assets/minecraft/textures/items/porkchop_cooked.png
./assets/minecraft/textures/items/porkchop_raw.png
./assets/minecraft/textures/items/potato.png
./assets/minecraft/textures/items/potato_baked.png
./assets/minecraft/textures/items/potato_poisonous.png
./assets/minecraft/textures/items/potion_bottle_drinkable.png
./assets/minecraft/textures/items/potion_bottle_empty.png
./assets/minecraft/textures/items/potion_bottle_splash.png
./assets/minecraft/textures/items/potion_overlay.png
./assets/minecraft/textures/items/prismarine_crystals.png
./assets/minecraft/textures/items/prismarine_shard.png
./assets/minecraft/textures/items/pumpkin_pie.png
./assets/minecraft/textures/items/quartz.png
./assets/minecraft/textures/items/quiver.png
./assets/minecraft/textures/items/rabbit_cooked.png
./assets/minecraft/textures/items/rabbit_foot.png
./assets/minecraft/textures/items/rabbit_hide.png
./assets/minecraft/textures/items/rabbit_raw.png
./assets/minecraft/textures/items/rabbit_stew.png
./assets/minecraft/textures/items/record_11.png
./assets/minecraft/textures/items/record_13.png
./assets/minecraft/textures/items/record_blocks.png
./assets/minecraft/textures/items/record_cat.png
./assets/minecraft/textures/items/record_chirp.png
./assets/minecraft/textures/items/record_far.png
./assets/minecraft/textures/items/record_mall.png
./assets/minecraft/textures/items/record_mellohi.png
./assets/minecraft/textures/items/record_stal.png
./assets/minecraft/textures/items/record_strad.png
./assets/minecraft/textures/items/record_wait.png
./assets/minecraft/textures/items/record_ward.png
./assets/minecraft/textures/items/redstone_dust.png
./assets/minecraft/textures/items/reeds.png
./assets/minecraft/textures/items/repeater.png
./assets/minecraft/textures/items/rotten_flesh.png
./assets/minecraft/textures/items/ruby.png
./assets/minecraft/textures/items/saddle.png
./assets/minecraft/textures/items/seeds_melon.png
./assets/minecraft/textures/items/seeds_pumpkin.png
./assets/minecraft/textures/items/seeds_wheat.png
./assets/minecraft/textures/items/shears.png
./assets/minecraft/textures/items/sign.png
./assets/minecraft/textures/items/slimeball.png
./assets/minecraft/textures/items/snowball.png
./assets/minecraft/textures/items/spawn_egg.png
./assets/minecraft/textures/items/spawn_egg_overlay.png
./assets/minecraft/textures/items/spider_eye.png
./assets/minecraft/textures/items/spider_eye_fermented.png
./assets/minecraft/textures/items/stick.png
./assets/minecraft/textures/items/stone_axe.png
./assets/minecraft/textures/items/stone_hoe.png
./assets/minecraft/textures/items/stone_pickaxe.png
./assets/minecraft/textures/items/stone_shovel.png
./assets/minecraft/textures/items/stone_sword.png
./assets/minecraft/textures/items/string.png
./assets/minecraft/textures/items/sugar.png
./assets/minecraft/textures/items/wheat.png
./assets/minecraft/textures/items/wooden_armorstand.png
./assets/minecraft/textures/items/wood_axe.png
./assets/minecraft/textures/items/wood_hoe.png
./assets/minecraft/textures/items/wood_pickaxe.png
./assets/minecraft/textures/items/wood_shovel.png
./assets/minecraft/textures/items/wood_sword.png
